// Jest Snapshot v1, https://goo.gl/fbAQLP

exports[`Navbar component matches the snapshot 1`] = `
<div>
  <div
    class="flex justify-between items-center px-16 py-6"
  >
    <div>
      <h1
        class="text-4xl font-medium text-slate-600"
      >
        Math Magicians
      </h1>
    </div>
    <ul
      class="flex justify-center items-center gap-x-4 text-teal-700 font-medium"
    >
      <li
        class="border-r-2 border-gray-950 pr-4 hover:text-slate-600 "
      >
        <a
          aria-current="page"
          class="active"
          href="/"
        >
          Home
        </a>
      </li>
      <li
        class="border-r-2 cursor-pointer border-gray-950 pr-4 hover:text-slate-600 "
      >
        <a
          class=""
          href="/calculator"
        >
          Calculator
        </a>
      </li>
      <li
        class="border-gray-950 cursor-pointer pr-4 hover:text-slate-600"
      >
        <a
          class=""
          href="/quote"
        >
          Quote
        </a>
      </li>
    </ul>
  </div>
</div>
`;
